time="2026-09-24T22:21:57+02:00" level=warning msg="missing \"NEXUS_VERSION\" build argument. Try adding \"--build-arg NEXUS_VERSION=<VALUE>\" to the command line"
time="2026-09-24T22:21:57+02:00" level=warning msg="missing \"NEXUS_VERSION\" build argument. Try adding \"--build-arg NEXUS_VERSION=<VALUE>\" to the command line"
[1/6] STEP 1/5: FROM quay.io/fedora/fedora-bootc:44 AS builder
[1/6] STEP 2/5: RUN dnf install -y         cmake         gcc-c++         make     && dnf clean all
--> Using cache f02d0f3efdda5cf5c2472255626a4978a6205807589d8b71ad97f582823bc84b
--> f02d0f3efdd
[1/6] STEP 3/5: COPY . /src
--> 56b359f1f6f
[1/6] STEP 4/5: ARG NEXUS_COMMIT=unknown
--> d29d124d003
[1/6] STEP 5/5: RUN cmake -S /src -B /build         -DCMAKE_BUILD_TYPE=Release         -DNEXUS_BUILD_TESTS=OFF         -DNEXUS_COMMIT_OVERRIDE="${NEXUS_COMMIT}"     && cmake --build /build --parallel
-- The CXX compiler identification is GNU 16.2.1
-- Detecting CXX compiler ABI info
-- Detecting CXX compiler ABI info - done
-- Check for working CXX compiler: /usr/sbin/c++ - skipped
-- Detecting CXX compile features
-- Detecting CXX compile features - done
-- Configuring done (0.3s)
-- Generating done (0.0s)
-- Build files have been written to: /build
[  1%] Building CXX object core/CMakeFiles/nexus_core.dir/src/architecture.cpp.o
[  5%] Building CXX object core/CMakeFiles/nexus_core.dir/src/core.cpp.o
[  7%] Reading build version from git
[  7%] Building CXX object core/CMakeFiles/nexus_core.dir/src/component.cpp.o
[ 10%] Building CXX object core/CMakeFiles/nexus_core.dir/src/solver.cpp.o
[ 12%] Building CXX object core/CMakeFiles/nexus_core.dir/src/source.cpp.o
[ 16%] Building CXX object core/CMakeFiles/nexus_core.dir/src/constraint.cpp.o
[ 16%] Building CXX object core/CMakeFiles/nexus_core.dir/src/removal.cpp.o
[ 10%] Building CXX object core/CMakeFiles/nexus_core.dir/src/profile_check.cpp.o
[ 19%] Building CXX object core/CMakeFiles/nexus_core.dir/src/requirement.cpp.o
[ 19%] Building CXX object core/CMakeFiles/nexus_core.dir/src/transaction.cpp.o
[ 21%] Building CXX object core/CMakeFiles/nexus_core.dir/src/alias.cpp.o
[ 23%] Building CXX object core/CMakeFiles/nexus_core.dir/src/diagnosis.cpp.o
[ 25%] Building CXX object core/CMakeFiles/nexus_core.dir/src/capability.cpp.o
[ 26%] Building CXX object core/CMakeFiles/nexus_core.dir/src/options.cpp.o
[ 28%] Building CXX object core/CMakeFiles/nexus_core.dir/src/resolver.cpp.o
[ 30%] Building CXX object core/CMakeFiles/nexus_core.dir/src/conflict_detector.cpp.o
[ 33%] Building CXX object core/CMakeFiles/nexus_core.dir/src/dependency_graph.cpp.o
[ 33%] Building CXX object core/CMakeFiles/nexus_core.dir/src/composition.cpp.o
[ 33%] Built target nexus_version_header
[ 35%] Linking CXX static library libnexus_core.a
[ 35%] Built target nexus_core
[ 42%] Building CXX object system/CMakeFiles/nexus_system.dir/src/profile_file.cpp.o
[ 46%] Building CXX object system/CMakeFiles/nexus_system.dir/src/control_file.cpp.o
[ 50%] Building CXX object system/CMakeFiles/nexus_system.dir/src/protection.cpp.o
[ 51%] Building CXX object hardware/CMakeFiles/nexus_hardware.dir/src/hardware.cpp.o
[ 53%] Building CXX object system/CMakeFiles/nexus_system.dir/src/plan_apply.cpp.o
[ 53%] Building CXX object system/CMakeFiles/nexus_system.dir/src/version.cpp.o
[ 55%] Building CXX object hardware/CMakeFiles/nexus_hardware.dir/src/secure_boot.cpp.o
[ 46%] Building CXX object system/CMakeFiles/nexus_system.dir/src/dependency_expression.cpp.o
[ 55%] Building CXX object system/CMakeFiles/nexus_system.dir/src/identity.cpp.o
[ 57%] Building CXX object system/CMakeFiles/nexus_system.dir/src/apt_source.cpp.o
[ 57%] Building CXX object hardware/CMakeFiles/nexus_hardware.dir/src/encryption.cpp.o
[ 55%] Building CXX object system/CMakeFiles/nexus_system.dir/src/dpkg_source.cpp.o
[ 58%] Building CXX object system/CMakeFiles/nexus_system.dir/src/plan_check.cpp.o
[ 60%] Building CXX object system/CMakeFiles/nexus_system.dir/src/auto_installed.cpp.o
[ 62%] Building CXX object system/CMakeFiles/nexus_system.dir/src/container.cpp.o
[ 64%] Building CXX object system/CMakeFiles/nexus_system.dir/src/transaction_log.cpp.o
[ 69%] Building CXX object system/CMakeFiles/nexus_system.dir/src/process.cpp.o
[ 69%] Building CXX object system/CMakeFiles/nexus_system.dir/src/flatpak_source.cpp.o
[ 69%] Building CXX object system/CMakeFiles/nexus_system.dir/src/pacman_source.cpp.o
[ 71%] Building CXX object system/CMakeFiles/nexus_system.dir/src/snap_source.cpp.o
[ 73%] Building CXX object system/CMakeFiles/nexus_system.dir/src/services.cpp.o
[ 75%] Building CXX object system/CMakeFiles/nexus_system.dir/src/nix_source.cpp.o
[ 76%] Building CXX object system/CMakeFiles/nexus_system.dir/src/source_build.cpp.o
[ 80%] Building CXX object system/CMakeFiles/nexus_system.dir/src/vpn.cpp.o
[ 80%] Building CXX object system/CMakeFiles/nexus_system.dir/src/portage_source.cpp.o
[ 82%] Building CXX object system/CMakeFiles/nexus_system.dir/src/xml.cpp.o
[ 83%] Building CXX object system/CMakeFiles/nexus_system.dir/src/rpm_source.cpp.o
[ 85%] Building CXX object system/CMakeFiles/nexus_system.dir/src/rpm_version.cpp.o
[ 87%] Building CXX object system/CMakeFiles/nexus_system.dir/src/rpm_database.cpp.o
[ 89%] Building CXX object system/CMakeFiles/nexus_system.dir/src/rpm_repo.cpp.o
[ 91%] Building CXX object system/CMakeFiles/nexus_system.dir/src/alias_file.cpp.o
[ 92%] Building CXX object system/CMakeFiles/nexus_system.dir/src/compression.cpp.o
[ 94%] Linking CXX static library libnexus_hardware.a
[ 94%] Built target nexus_hardware
[ 96%] Linking CXX static library libnexus_system.a
[ 96%] Built target nexus_system
[ 98%] Building CXX object cli/CMakeFiles/nexus.dir/src/main.cpp.o
[100%] Linking CXX executable nexus
[100%] Built target nexus
--> dabdeaee12e
[2/6] STEP 1/5: FROM quay.io/fedora/fedora-bootc:44 AS artwork
[2/6] STEP 2/5: RUN dnf install -y python3-pillow && dnf clean all
--> Using cache 1f33d836f941edbb1aa50f7c6875e9a72338ac5c7231a93866b233707246d718
--> 1f33d836f94
[2/6] STEP 3/5: COPY image/wallpaper/make-wallpapers.py /usr/local/bin/make-wallpapers
--> Using cache 56b9614083087f2c08382ce70587ff4301362cae521c9cbbda7873e3fe0e71f4
--> 56b96140830
[2/6] STEP 4/5: COPY image/artwork/wallpapers /artwork/wallpapers
--> Using cache 9fd126e7525971b2a245e7167e97ad017d3ca47fab3881356b1bbf8eae942064
--> 9fd126e7525
[2/6] STEP 5/5: RUN python3 /usr/local/bin/make-wallpapers /artwork/wallpapers /wallpapers
--> Using cache c89e53e67c5ef799d8bb600f5a43a1e3bc26382e8067fcc9d0e7ddb923605736
--> c89e53e67c5
[3/6] STEP 1/6: FROM quay.io/fedora/fedora-bootc:44 AS os
[3/6] STEP 2/6: ARG REFRESH=none
--> Using cache e62c0e84e519afc69a65866779d0efca3415e60c1bcc5918599dd7e090000fe8
--> e62c0e84e51
[3/6] STEP 3/6: RUN echo "Package refresh: ${REFRESH}"     && dnf install -y         --exclude=rootfiles         --setopt=install_weak_deps=False         zchunk         zstd     && dnf clean all
--> Using cache 87716b0a58ac076679fd2d0b00e71c12495387a912e935ce52413f708e0c7862
--> 87716b0a58a
[3/6] STEP 4/6: RUN set -eu;     if rpm -q fedora-logos > /dev/null 2>&1; then         dnf swap -y fedora-logos generic-logos;     else         echo "fedora-logos was not installed; installing generic-logos";         dnf install -y generic-logos;     fi;     if rpm -q fedora-logos > /dev/null 2>&1; then         echo "fedora-logos is still installed; refusing to ship it." >&2;         exit 1;     fi;     rpm -q generic-logos;     dnf clean all
--> Using cache c3d0b5e61ef9a43f377b2846eadc0f2ebcbf9ffe782c62b591c52482d543ab6d
--> c3d0b5e61ef
[3/6] STEP 5/6: RUN dnf install -y         "https://mirrors.rpmfusion.org/free/fedora/rpmfusion-free-release-$(rpm -E %fedora).noarch.rpm"         "https://mirrors.rpmfusion.org/nonfree/fedora/rpmfusion-nonfree-release-$(rpm -E %fedora).noarch.rpm"     && rpm -q rpmfusion-free-release rpmfusion-nonfree-release     && dnf clean all
--> Using cache b2a6a6439b9aa830bd4512f1f2074b4a38b605fe44939a0885e1d1298858e70c
--> b2a6a6439b9
[3/6] STEP 6/6: RUN mkdir -p /usr/lib/bootc/kargs.d     && printf '%s\n'         '# Keep asking for the disk passphrase instead of giving up'         '# after three attempts. See image/Containerfile.'         'kargs = ["rd.luks.options=tries=0"]'         > /usr/lib/bootc/kargs.d/10-nexus-luks.toml
--> Using cache 96a5afba279328ed2cf8050fe1f15fc9f69edf7cd50932f9215dee631b1b91f1
--> 96a5afba279
[4/6] STEP 1/12: FROM 96a5afba279328ed2cf8050fe1f15fc9f69edf7cd50932f9215dee631b1b91f1 AS desktop-packages
[4/6] STEP 2/12: ARG NEXUS_PROFILE
--> Using cache 28bd82c167557abb511073c7faeb7f37f7d9c6a19ad9d3c993c1cc998a209597
--> 28bd82c1675
[4/6] STEP 3/12: COPY image/generated /usr/share/nexus/lists
--> Using cache 71285a2d9b1631457c1f105b0e00329b6e4d8bf476404d376daed9be42822d9b
--> 71285a2d9b1
[4/6] STEP 4/12: RUN set -eu;     list="/usr/share/nexus/lists/${NEXUS_PROFILE}.rpm.list";     if [ ! -f "$list" ]; then         echo "No generated list for profile '${NEXUS_PROFILE}'." >&2;         echo "Have:" >&2;         ls /usr/share/nexus/lists >&2;         exit 1;     fi;     packages="$(grep -v '^#' "$list" | awk 'NF {print $1}')";     echo "Installing ${NEXUS_PROFILE}:";     echo "$packages";     dnf install -y         --exclude=rootfiles         --setopt=install_weak_deps=False         $packages;     dnf clean all
--> Using cache e043dced73060e30ef4f4129b1d43477b1c581489b448f8dd5d7bec41ec22f82
--> e043dced730
[4/6] STEP 5/12: RUN set -eu;     manager="";     for candidate in sddm gdm lightdm; do         if systemctl list-unit-files "${candidate}.service"                --no-legend 2>/dev/null | grep -q .; then             manager="${candidate}";             break;         fi;     done;     if [ -n "$manager" ]; then         echo "Display manager: ${manager}";         systemctl enable "${manager}.service";         systemctl set-default graphical.target;     else         echo "No display manager installed; booting to a console.";         systemctl set-default multi-user.target;     fi
--> Using cache 3e25bd002d99aeb83266ec40e7a61bd06c58dc6f637c00888040f57d5d324e44
--> 3e25bd002d9
[4/6] STEP 6/12: RUN if rpm -q fedora-logos > /dev/null 2>&1; then         echo "fedora-logos came back in the desktop stage." >&2;         echo "Required by:" >&2;         rpm -q --whatrequires fedora-logos >&2 || true;         exit 1;     fi
--> Using cache 5986821ac9ace8b2b9ecaac9de11d0411f677ed6cdd62570bfff93f34820a0fd
--> 5986821ac9a
[4/6] STEP 7/12: RUN set -eu;     extra="";     if rpm -q sddm > /dev/null 2>&1; then extra="sddm-breeze"; fi;     dnf install -y         --exclude=rootfiles         --setopt=install_weak_deps=False         plymouth         plymouth-scripts         plymouth-theme-spinner         ${extra};     dnf clean all;     if rpm -q fedora-logos > /dev/null 2>&1; then         echo "fedora-logos came back with the splash or login theme." >&2;         rpm -q --whatrequires fedora-logos >&2 || true;         exit 1;     fi
Updating and loading repositories:
 RPM Fusion for Fedora 44 - Nonfree - U 100% |   1.9 KiB/s |  46.0 KiB |  00m24s
 RPM Fusion for Fedora 44 - Nonfree     100% |   3.5 KiB/s |  97.2 KiB |  00m28s
 RPM Fusion for Fedora 44 - Free - Upda 100% |   2.7 KiB/s |  77.7 KiB |  00m29s
 RPM Fusion for Fedora 44 - Free        100% |   4.7 KiB/s | 152.1 KiB |  00m32s
 Fedora 44 openh264 (From Cisco) - x86_ 100% | 143.0   B/s |   5.3 KiB |  00m38s
 Fedora 44 - x86_64 - Updates           100% | 244.6 KiB/s |  12.5 MiB |  00m52s
 Fedora 44 - x86_64 - Updates Archive   100% | 481.2 KiB/s |  39.5 MiB |  01m24s
 Fedora 44 - x86_64                     100% | 318.4 KiB/s |  37.0 MiB |  01m59s
Repositories loaded.
Package                   Arch   Version             Repository      Size
Installing:
 plymouth                 x86_64 0:24.004.60-24.fc44 fedora     334.2 KiB
 plymouth-scripts         x86_64 0:24.004.60-24.fc44 fedora      30.5 KiB
 plymouth-theme-spinner   x86_64 0:24.004.60-24.fc44 fedora     194.5 KiB
 sddm-breeze              noarch 0:6.7.5-1.fc44      updates      1.1 MiB
Installing dependencies:
 abattis-cantarell-fonts  noarch 0:0.301-17.fc44     fedora     525.7 KiB
 kde-settings-sddm        noarch 0:44.0-1.fc44       updates    128.0   B
 plymouth-core-libs       x86_64 0:24.004.60-24.fc44 fedora     366.5 KiB
 plymouth-graphics-libs   x86_64 0:24.004.60-24.fc44 fedora     171.9 KiB
 plymouth-plugin-label    x86_64 0:24.004.60-24.fc44 fedora      51.0 KiB
 plymouth-plugin-two-step x86_64 0:24.004.60-24.fc44 fedora      75.9 KiB

Transaction Summary:
 Installing:        10 packages

Total size of inbound packages is 2 MiB. Need to download 2 MiB.
After this operation, 3 MiB extra will be used (install 3 MiB, remove 0 B).
[ 1/10] plymouth-scripts-0:24.004.60-24 100% |  15.2 KiB/s |  18.1 KiB |  00m01s
[ 2/10] plymouth-0:24.004.60-24.fc44.x8 100% |  66.9 KiB/s | 127.7 KiB |  00m02s
[ 3/10] plymouth-core-libs-0:24.004.60- 100% | 128.6 KiB/s | 125.0 KiB |  00m01s
[ 4/10] plymouth-theme-spinner-0:24.004 100% |  86.2 KiB/s | 188.9 KiB |  00m02s
[ 5/10] abattis-cantarell-fonts-0:0.301 100% | 367.2 KiB/s | 269.9 KiB |  00m01s
[ 6/10] plymouth-plugin-two-step-0:24.0 100% |  62.4 KiB/s |  33.3 KiB |  00m01s
[ 7/10] plymouth-graphics-libs-0:24.004 100% | 125.1 KiB/s |  64.4 KiB |  00m01s
[ 8/10] plymouth-plugin-label-0:24.004. 100% |  52.9 KiB/s |  26.1 KiB |  00m00s
[ 9/10] kde-settings-sddm-0:44.0-1.fc44 100% |   6.6 KiB/s |   9.7 KiB |  00m01s
[10/10] sddm-breeze-0:6.7.5-1.fc44.noar 100% | 295.4 KiB/s |   1.1 MiB |  00m04s
--------------------------------------------------------------------------------
[10/10] Total                           100% | 305.5 KiB/s |   1.9 MiB |  00m06s
Running transaction
[ 1/12] Verify package files            100% |   2.0 KiB/s |  10.0   B |  00m00s
[ 2/12] Prepare transaction             100% |  93.0   B/s |  10.0   B |  00m00s
[ 3/12] Installing plymouth-core-libs-0 100% |  17.1 MiB/s | 368.6 KiB |  00m00s
[ 4/12] Installing plymouth-0:24.004.60 100% |   6.5 MiB/s | 352.4 KiB |  00m00s
[ 5/12] Installing plymouth-scripts-0:2 100% |   3.1 MiB/s |  31.2 KiB |  00m00s
[ 6/12] Installing plymouth-graphics-li 100% |  15.4 MiB/s | 173.5 KiB |  00m00s
[ 7/12] Installing plymouth-plugin-labe 100% |  25.4 MiB/s |  52.1 KiB |  00m00s
[ 8/12] Installing plymouth-plugin-two- 100% |  37.4 MiB/s |  76.6 KiB |  00m00s
[ 9/12] Installing kde-settings-sddm-0: 100% |  49.8 KiB/s | 408.0   B |  00m00s
[10/12] Installing abattis-cantarell-fo 100% | 103.1 MiB/s | 528.1 KiB |  00m00s
[11/12] Installing plymouth-theme-spinn 100% |   8.8 MiB/s | 207.0 KiB |  00m00s
[12/12] Installing sddm-breeze-0:6.7.5- 100% |   1.1 MiB/s |   1.1 MiB |  00m01s
Complete!
Removed 45 files, 26 directories (total of 160 MiB). 0 errors occurred.
--> f81d2fc5e2a
[4/6] STEP 8/12: RUN set -eu;     plymouth-set-default-theme bgrt;     kver="$(ls /usr/lib/modules)";     if [ "$(printf '%s\n' "${kver}" | wc -l)" -ne 1 ]; then         echo "Expected one kernel in /usr/lib/modules, found:" >&2;         echo "${kver}" >&2;         exit 1;     fi;     dracut --no-hostonly --reproducible --force         --kver "${kver}" --add "ostree plymouth"         "/usr/lib/modules/${kver}/initramfs.img";     chmod 0600 "/usr/lib/modules/${kver}/initramfs.img";     contents="$(lsinitrd "/usr/lib/modules/${kver}/initramfs.img")";     for needed in plymouthd systemd-cryptsetup ostree-prepare-root; do         if ! printf '%s\n' "${contents}" | grep -q "${needed}"; then             echo "The rebuilt initramfs has no ${needed}; refusing it." >&2;             echo "Without it this image would not boot an encrypted disk." >&2;             exit 1;         fi;     done;     echo "Splash: bgrt, in the initramfs for ${kver}";     mkdir -p /usr/lib/bootc/kargs.d;     printf '%s\n'         '# Boot splash instead of scrolling log lines. See image/Containerfile.'         'kargs = ["rhgb", "quiet"]'         > /usr/lib/bootc/kargs.d/20-nexus-splash.toml
dracut[E]: No '/dev/log' or 'logger' included for syslog logging
dracut-install: ERROR: installing '/root'
dracut[E]: FAILED: /usr/lib/dracut/dracut-install -D /var/tmp/dracut.dlOO1fS/initramfs -f /root
Splash: bgrt, in the initramfs for 7.2.7-200.fc44.x86_64
--> 22dc5193e56
[4/6] STEP 9/12: COPY --from=artwork /wallpapers/ /usr/share/wallpapers/
--> 035fe39e113
[4/6] STEP 10/12: COPY image/wallpaper/apply-wallpaper /usr/libexec/nexus/apply-wallpaper
--> 3012656e262
[4/6] STEP 11/12: COPY image/wallpaper/nexus-wallpaper.desktop      /etc/xdg/autostart/nexus-wallpaper.desktop
--> cdd3db5011f
[4/6] STEP 12/12: RUN set -eu;     chmod 0755 /usr/libexec/nexus/apply-wallpaper;     login="$(ls /usr/share/wallpapers/nexus-base/contents/images/*.jpg | head -n 1)";     test -f "${login}";     if ! command -v plasma-apply-wallpaperimage > /dev/null; then         echo "No Plasma in this profile; wallpapers are in the image";         echo "but nothing will apply them at login.";     fi;     themed=0;     if [ -f /usr/share/sddm/themes/breeze/theme.conf ]; then         mkdir -p /etc/sddm.conf.d;         printf '[Theme]\nCurrent=breeze\n' > /etc/sddm.conf.d/10-nexus.conf;         echo "Login theme: breeze";     fi;     for theme in /usr/share/sddm/themes/*/; do         if grep -q '^background=' "${theme}theme.conf" 2>/dev/null; then             printf '[General]\nbackground=%s\n' "${login}"                 > "${theme}theme.conf.user";             echo "Login background: ${theme}";             themed=1;         fi;     done;     if [ "${themed}" -eq 0 ]; then         echo "No SDDM theme with a background setting; the login";         echo "screen keeps its own.";     fi
Login theme: breeze
Login background: /usr/share/sddm/themes/01-breeze-fedora/
Login background: /usr/share/sddm/themes/breeze/
--> 38467b03ad6
[5/6] STEP 1/13: FROM 96a5afba279328ed2cf8050fe1f15fc9f69edf7cd50932f9215dee631b1b91f1 AS base
[5/6] STEP 2/13: ARG NEXUS_VERSION
--> Using cache aeb2d052975882685d4547aeddc34c9804e0c30f54d360973bd14cba6ec82d5d
--> aeb2d052975
[5/6] STEP 3/13: ARG NEXUS_PROFILE
--> Using cache 78c45becc18ef6f9778585ef220db70c5ec5724da6d2ed65e09fcaf0f8a80bb8
--> 78c45becc18
[5/6] STEP 4/13: COPY --from=builder /build/cli/nexus /usr/bin/nexus
--> 2b0bb61fa0f
[5/6] STEP 5/13: COPY image/first-boot/nexus-first-boot /usr/bin/nexus-first-boot
--> f73a94fb96c
[5/6] STEP 6/13: COPY image/first-boot/nexus-first-boot.service      /usr/lib/systemd/system/nexus-first-boot.service
--> 7e71243f4d6
[5/6] STEP 7/13: COPY components/profiles /usr/share/nexus/profiles
--> df7f838d6ff
[5/6] STEP 8/13: COPY components/aliases /usr/share/nexus/aliases
--> 5dbd70c7504
[5/6] STEP 9/13: COPY image/identity.sh /usr/libexec/nexus/identity
--> f2c8c24400e
[5/6] STEP 10/13: RUN NEXUS_VERSION="${NEXUS_VERSION}" NEXUS_PROFILE="${NEXUS_PROFILE}"     sh /usr/libexec/nexus/identity
Created symlink '/etc/systemd/system/multi-user.target.wants/nexus-first-boot.service' → '/usr/lib/systemd/system/nexus-first-boot.service'.
Identity: Nexus-CORE 0.1.4 (minimalism) on Fedora Linux 44 (Forty Four)
--> 2b3c3d96e10
[5/6] STEP 11/13: ENV NEXUS_PROFILES=/usr/share/nexus/profiles
--> 9e50e6b8045
[5/6] STEP 12/13: ENV NEXUS_ALIASES=/usr/share/nexus/aliases
--> 6ff19a4f03c
[5/6] STEP 13/13: RUN dnf reinstall -y selinux-policy-targeted && dnf clean all
Updating and loading repositories:
 RPM Fusion for Fedora 44 - Nonfree - U 100% |   2.5 KiB/s |  46.0 KiB |  00m18s
 Fedora 44 - x86_64 - Updates           100% | 484.0 KiB/s |  12.4 MiB |  00m26s
 RPM Fusion for Fedora 44 - Nonfree     100% |   3.6 KiB/s |  97.2 KiB |  00m27s
 RPM Fusion for Fedora 44 - Free - Upda 100% |   2.9 KiB/s |  77.7 KiB |  00m27s
 RPM Fusion for Fedora 44 - Free        100% |   5.3 KiB/s | 152.1 KiB |  00m29s
 Fedora 44 openh264 (From Cisco) - x86_ 100% | 190.0   B/s |   5.3 KiB |  00m28s
 Fedora 44 - x86_64 - Updates Archive   100% | 885.3 KiB/s |  39.5 MiB |  00m46s
 Fedora 44 - x86_64                     100% | 514.3 KiB/s |  36.4 MiB |  01m12s
Repositories loaded.
Package                              Arch   Version        Repository      Size
Reinstalling:
 selinux-policy-targeted             noarch 0:44.10-1.fc44 updates     18.6 MiB
   replacing selinux-policy-targeted noarch 0:44.10-1.fc44 <unknown>   18.6 MiB

Transaction Summary:
 Reinstalling:       1 package
 Replacing:          1 package

Total size of inbound packages is 7 MiB. Need to download 7 MiB.
After this operation, 0 B extra will be used (install 19 MiB, remove 19 MiB).
[1/1] selinux-policy-targeted-0:44.10-1 100% | 527.5 KiB/s |   6.8 MiB |  00m13s
--------------------------------------------------------------------------------
[1/1] Total                             100% | 527.4 KiB/s |   6.8 MiB |  00m13s
Running transaction
[1/4] Verify package files              100% |  58.0   B/s |   1.0   B |  00m00s
[2/4] Prepare transaction               100% |  36.0   B/s |   2.0   B |  00m00s
[3/4] Reinstalling selinux-policy-targe 100% | 125.3 MiB/s |  14.9 MiB |  00m00s
[4/4] Removing selinux-policy-targeted- 100% | 386.0   B/s |   1.7 KiB |  00m05s
Complete!
Removed 45 files, 25 directories (total of 160 MiB). 0 errors occurred.
--> 6575ab7de0c
[6/6] STEP 1/13: FROM 38467b03ad6edbb37413ad58206b5c18d8f190e3792431501cb4869bf4420e42 AS desktop
[6/6] STEP 2/13: ARG NEXUS_VERSION
--> 0aeb18621f0
[6/6] STEP 3/13: ARG NEXUS_PROFILE
--> 2a726298ae4
[6/6] STEP 4/13: COPY --from=builder /build/cli/nexus /usr/bin/nexus
--> 1b09d6dd9d4
[6/6] STEP 5/13: COPY image/first-boot/nexus-first-boot /usr/bin/nexus-first-boot
--> f70a7adf70c
[6/6] STEP 6/13: COPY image/first-boot/nexus-first-boot.service      /usr/lib/systemd/system/nexus-first-boot.service
--> ea2b17b5178
[6/6] STEP 7/13: COPY components/profiles/base.profile      components/profiles/basic.profile      components/profiles/development.profile      components/profiles/gaming.profile      components/profiles/minimalism.profile      components/profiles/school.profile      components/profiles/security.profile      components/profiles/showcase.profile      components/profiles/vpn.profile      /usr/share/nexus/profiles/
--> 998ef2dac6e
[6/6] STEP 8/13: COPY components/aliases /usr/share/nexus/aliases
--> d0823cce3a9
[6/6] STEP 9/13: COPY image/identity.sh /usr/libexec/nexus/identity
--> eceda4eb4f9
[6/6] STEP 10/13: RUN NEXUS_VERSION="${NEXUS_VERSION}" NEXUS_PROFILE="${NEXUS_PROFILE}"     sh /usr/libexec/nexus/identity
Created symlink '/etc/systemd/system/multi-user.target.wants/nexus-first-boot.service' → '/usr/lib/systemd/system/nexus-first-boot.service'.
Identity: Nexus-CORE 0.1.4 (minimalism) on Fedora Linux 44 (Forty Four)
--> 566b7fe05a7
[6/6] STEP 11/13: ENV NEXUS_PROFILES=/usr/share/nexus/profiles
--> 4ef55277e6b
[6/6] STEP 12/13: ENV NEXUS_ALIASES=/usr/share/nexus/aliases
--> 6b8595fddf8
[6/6] STEP 13/13: RUN dnf reinstall -y selinux-policy-targeted && dnf clean all
Updating and loading repositories:
 RPM Fusion for Fedora 44 - Nonfree - U 100% |   2.9 KiB/s |  46.0 KiB |  00m16s
 Fedora 44 - x86_64 - Updates           100% | 792.2 KiB/s |  12.5 MiB |  00m16s
 RPM Fusion for Fedora 44 - Nonfree     100% |   5.5 KiB/s |  97.2 KiB |  00m18s
 RPM Fusion for Fedora 44 - Free - Upda 100% |   4.6 KiB/s |  77.7 KiB |  00m17s
 RPM Fusion for Fedora 44 - Free        100% |   8.1 KiB/s | 152.1 KiB |  00m19s
 Fedora 44 openh264 (From Cisco) - x86_ 100% | 288.0   B/s |   5.3 KiB |  00m19s
 Fedora 44 - x86_64 - Updates Archive   100% |   1.5 MiB/s |  39.5 MiB |  00m26s
 Fedora 44 - x86_64                     100% |   1.2 MiB/s |  36.4 MiB |  00m32s
Repositories loaded.
Package                              Arch   Version        Repository      Size
Reinstalling:
 selinux-policy-targeted             noarch 0:44.10-1.fc44 updates     18.6 MiB
   replacing selinux-policy-targeted noarch 0:44.10-1.fc44 <unknown>   18.6 MiB

Transaction Summary:
 Reinstalling:       1 package
 Replacing:          1 package

Total size of inbound packages is 7 MiB. Need to download 7 MiB.
After this operation, 0 B extra will be used (install 19 MiB, remove 19 MiB).
[1/1] selinux-policy-targeted-0:44.10-1 100% |   1.6 MiB/s |   6.8 MiB |  00m04s
--------------------------------------------------------------------------------
[1/1] Total                             100% |   1.6 MiB/s |   6.8 MiB |  00m04s
Running transaction
[1/4] Verify package files              100% |  58.0   B/s |   1.0   B |  00m00s
[2/4] Prepare transaction               100% |  24.0   B/s |   2.0   B |  00m00s
[3/4] Reinstalling selinux-policy-targe 100% | 138.0 MiB/s |  14.9 MiB |  00m00s
[4/4] Removing selinux-policy-targeted- 100% |  10.7 KiB/s |   1.7 KiB |  00m00s
Complete!
Removed 45 files, 25 directories (total of 160 MiB). 0 errors occurred.
[6/6] COMMIT localhost/nexus-os:minimalism
--> 9a4374ef6ad
Successfully tagged localhost/nexus-os:minimalism
9a4374ef6add39b52326715f18e24b56dbde0b067d8f3d84b7e39662e6622a57
